// Jest Snapshot v1, https://goo.gl/fbAQLP

exports[`should render HomePage correctly 1`] = `
<div
  className="home"
>
  <SearchHeader
    criterion="person"
    defaultQuery="Quentin Tarantino"
    query=""
    redirectTo={[Function]}
  />
</div>
`;
